// Vitest Snapshot v1, https://vitest.dev/guide/snapshot.html

exports[`PageChatSystem  > Should RenderChatSystem:  1`] = `
<div>
  <div
    class="flex items-center justify-between bg-gray-100 p-3 rounded-lg shadow-md"
  >
    <h2
      class="font-semibold text-lg text-gray-800"
    >
      Messaging
    </h2>
    <div
      class="flex items-center gap-3"
    >
      <div
        class="h-10 flex items-center border border-gray-300 rounded-lg px-2 cursor-pointer bg-white 
        hover:border-gray-400"
      >
        <input
          class="border-none outline-none text-sm caret-crimsonRed flex-grow"
          name="text"
          placeholder="Search..."
          type="text"
          value=""
        />
        <svg
          class="lucide lucide-search w-4 h-4 text-gray-500"
          data-testid="test-search-icon"
          fill="none"
          height="24"
          stroke="currentColor"
          stroke-linecap="round"
          stroke-linejoin="round"
          stroke-width="2"
          viewBox="0 0 24 24"
          width="24"
          xmlns="http://www.w3.org/2000/svg"
        >
          <circle
            cx="11"
            cy="11"
            r="8"
          />
          <path
            d="m21 21-4.3-4.3"
          />
        </svg>
      </div>
      <button
        class="p-2 rounded-full hover:bg-gray-200"
      >
        <svg
          class="lucide lucide-ellipsis-vertical w-6 h-6 text-gray-600"
          fill="none"
          height="24"
          stroke="currentColor"
          stroke-linecap="round"
          stroke-linejoin="round"
          stroke-width="2"
          viewBox="0 0 24 24"
          width="24"
          xmlns="http://www.w3.org/2000/svg"
        >
          <circle
            cx="12"
            cy="12"
            r="1"
          />
          <circle
            cx="12"
            cy="5"
            r="1"
          />
          <circle
            cx="12"
            cy="19"
            r="1"
          />
        </svg>
      </button>
    </div>
  </div>
  <div
    class="flex h-screen w-full"
  >
    <div
      class="w-1/3 border-r bg-charcoalWhite border-gray-300 p-4 overflow-y-auto"
    />
    <div
      class="flex-grow flex flex-col justify-end w-2/3 flex flex-col"
      data-testid="test-PageWindow"
    >
      <div
        class="flex-grow flex items-center justify-center"
      >
        <h2
          class="text-gray-500"
        >
          Choose a chat to start messaging
        </h2>
      </div>
    </div>
  </div>
</div>
`;
